2026-09-27 21:55:53.709 INFO  [1940622:1940622] Initialized NVVS logger, version: 4.6.1 [./nvvs/src/NvidiaValidationSuite.cpp:459] [DcgmNs::Nvvs::NvidiaValidationSuite::Go]
2026-09-27 21:55:53.709 DEBUG [1940622:1940622] Build info: version:4.6.1;arch:x86_64;buildtype:RelWithDebInfo;buildid:22441;builddate:2026-07-24;commit:6e0069fb6ea61e5edd82e652192dfa64de061378;branch:v4.6.1;buildplatform:Linux 6.17.0-35-generic #35~24.04.1-Ubuntu SMP PREEMPT_DYNAMIC Tue May 26 19:30:42 UTC 2 x86_64;;crc:b0bfe0b072c3f07fbccca796644267d6 [./nvvs/src/NvidiaValidationSuite.cpp:460] [DcgmNs::Nvvs::NvidiaValidationSuite::Go]
2026-09-27 21:55:53.709 DEBUG [1940622:1940622] argc: 12. argv: /home/meoru/skhynix-apply-2026-9-software/gpu-memory-validator/build/dcgm-4.6.1/root/usr/libexec/datacenter-gpu-manager-4/nvvs --channel-fd 3 --response-version 202726076 --specifiedtest short --configless --entity-id 0 -p /home/meoru/skhynix-apply-2026-9-software/gpu-memory-validator/build/dcgm-4.6.1/root/usr/libexec/datacenter-gpu-manager-4/plugins  [./nvvs/src/NvidiaValidationSuite.cpp:469] [DcgmNs::Nvvs::NvidiaValidationSuite::Go]
2026-09-27 21:55:53.709 DEBUG [1940622:1940622] ConfigFileParser_v2 ctor with configFile [./nvvs/src/ConfigFileParser_v2.cpp:200] [DcgmNs::Nvvs::ConfigFileParser_v2::ConfigFileParser_v2]
2026-09-27 21:55:53.709 DEBUG [1940622:1940622] Loading package YAML from /home/meoru/skhynix-apply-2026-9-software/gpu-memory-validator/build/dcgm-4.6.1/root/usr/share/datacenter-gpu-manager-4/diag-skus.yaml [./nvvs/src/ConfigFileParser_v2.cpp:227] [DcgmNs::Nvvs::ConfigFileParser_v2::ConfigFileParser_v2]
2026-09-27 21:55:53.709 ERROR [1940622:1940622] Could not read package diag config. Please ensure the datacenter-gpu-manager-config package is installed [./nvvs/src/ConfigFileParser_v2.cpp:233] [DcgmNs::Nvvs::ConfigFileParser_v2::ConfigFileParser_v2]
2026-09-27 21:55:53.709 ERROR [1940622:1940622] Exception: bad file: /home/meoru/skhynix-apply-2026-9-software/gpu-memory-validator/build/dcgm-4.6.1/root/usr/share/datacenter-gpu-manager-4/diag-skus.yaml [./nvvs/src/ConfigFileParser_v2.cpp:235] [DcgmNs::Nvvs::ConfigFileParser_v2::ConfigFileParser_v2]
2026-09-27 21:55:53.729 INFO  [1940622:1940622] Loaded packaged YAML with version: 4.6.1, spec: dcgm-diag-v1 [./nvvs/src/ConfigFileParser_v2.cpp:244] [DcgmNs::Nvvs::ConfigFileParser_v2::ConfigFileParser_v2]
2026-09-27 21:55:54.692 DEBUG [1940622:1940622] Starting embedded host engine. [./nvvs/src/DcgmHandle.cpp:143] [DcgmHandle::ConnectToDcgm]
2026-09-27 21:55:54.740 DEBUG [1940622:1940622] Parsing SKUs [./nvvs/src/ConfigFileParser_v2.cpp:340] [DcgmNs::Nvvs::ConfigFileParser_v2::ParseYaml]
2026-09-27 21:55:54.740 DEBUG [1940622:1940622] Going through SKUs [./nvvs/src/ConfigFileParser_v2.cpp:350] [DcgmNs::Nvvs::ConfigFileParser_v2::ParseYaml]
2026-09-27 21:55:55.171 DEBUG [1940622:1940622] Parsing SKUs [./nvvs/src/ConfigFileParser_v2.cpp:340] [DcgmNs::Nvvs::ConfigFileParser_v2::ParseYaml]
2026-09-27 21:55:55.171 ERROR [1940622:1940622] skus is not a sequence; ignoring. Position: -1,-1 [./nvvs/src/ConfigFileParser_v2.cpp:346] [DcgmNs::Nvvs::ConfigFileParser_v2::ParseYaml]
2026-09-27 21:55:55.201 INFO  [1940622:1940622] DeviceId 2487 is NOT allowlisted [./nvvs/src/Allowlist.cpp:70] [DcgmNs::Nvvs::Allowlist::IsAllowlisted]
2026-09-27 21:55:55.201 INFO  [1940622:1940622] DeviceId 2487 is NOT allowlisted [./nvvs/src/Allowlist.cpp:70] [DcgmNs::Nvvs::Allowlist::IsAllowlisted]
2026-09-27 21:55:55.201 DEBUG [1940622:1940622] dcgmIndex 0, brand GeForce, arch 524294 is supported [./nvvs/src/NvidiaValidationSuite.cpp:803] [DcgmNs::Nvvs::NvidiaValidationSuite::EnumerateAllVisibleGpus]
2026-09-27 21:55:55.201 INFO  [1940622:1940622] Device 0, serial <<<NOT_SUPPORTED>>>, added to supported list [./nvvs/src/NvidiaValidationSuite.cpp:820] [DcgmNs::Nvvs::NvidiaValidationSuite::EnumerateAllVisibleGpus]
2026-09-27 21:55:55.201 DEBUG [1940622:1940622] No MIG devices are configured on GPU 0 [./nvvs/src/Gpu.cpp:193] [Gpu::IsMigModeDiagCompatible]
2026-09-27 21:55:55.201 INFO  [1940622:1940622] Set CUDA_VISIBLE_DEVICES='GPU-2500608a-edd1-3c2d-ffad-73955203d323' for testing GPUs: 0 [./nvvs/src/NvidiaValidationSuite.cpp:399] [DcgmNs::Nvvs::NvidiaValidationSuite::SetCudaVisibleDevicesForTesting]
2026-09-27 21:55:55.202 DEBUG [1940622:1940622] HangDetectMonitor: Initializing with check interval 60s and expiry time 600s [./common/HangDetectMonitor.h:104] [HangDetectMonitor::HangDetectMonitor]
2026-09-27 21:55:55.202 DEBUG [1940622:1940622] The following Cuda version will be used for plugins: 13.1 [./nvvs/include/TestFramework.inl:344] [impl::TestFramework<PluginLibT, DynamicLibraryLoaderT, SoftwarePluginFrameworkT, FileSystemOperatorT>::GetPluginCudaDirExtension]
2026-09-27 21:55:55.203 DEBUG [1940622:1940622] Successfully loaded dlib libpluginCommon.so.4 [./nvvs/include/TestFramework.inl:443] [impl::TestFramework<PluginLibT, DynamicLibraryLoaderT, SoftwarePluginFrameworkT, FileSystemOperatorT>::LoadLibrary]
2026-09-27 21:55:55.203 DEBUG [1940622:1940622] Successfully loaded dlib libpluginCommon.so.4 [./nvvs/include/TestFramework.inl:443] [impl::TestFramework<PluginLibT, DynamicLibraryLoaderT, SoftwarePluginFrameworkT, FileSystemOperatorT>::LoadLibrary]
2026-09-27 21:55:55.323 WARN  [1940622:1940622] Tried to add parameter matrix_dim => 1024, but it already exists [./nvvs/src/TestParameters.cpp:189] [TestParameters::AddDouble]
2026-09-27 21:55:55.323 DEBUG [1940622:1940622] Added info for test 0:pcie [./nvvs/src/PluginLib.cpp:350] [PluginLib::GetPluginInfo]
2026-09-27 21:55:55.323 DEBUG [1940622:1940622] Successfully loaded dlib libPcie.so.4 [./nvvs/include/TestFramework.inl:465] [impl::TestFramework<PluginLibT, DynamicLibraryLoaderT, SoftwarePluginFrameworkT, FileSystemOperatorT>::LoadLibrary]
2026-09-27 21:55:55.324 DEBUG [1940622:1940622] Added info for test 0:diagnostic [./nvvs/src/PluginLib.cpp:350] [PluginLib::GetPluginInfo]
2026-09-27 21:55:55.324 DEBUG [1940622:1940622] Successfully loaded dlib libDiagnostic.so.4 [./nvvs/include/TestFramework.inl:465] [impl::TestFramework<PluginLibT, DynamicLibraryLoaderT, SoftwarePluginFrameworkT, FileSystemOperatorT>::LoadLibrary]
2026-09-27 21:55:55.332 DEBUG [1940622:1940622] Added info for test 0:targeted_power [./nvvs/src/PluginLib.cpp:350] [PluginLib::GetPluginInfo]
2026-09-27 21:55:55.332 DEBUG [1940622:1940622] Successfully loaded dlib libTargetedPower.so.4 [./nvvs/include/TestFramework.inl:465] [impl::TestFramework<PluginLibT, DynamicLibraryLoaderT, SoftwarePluginFrameworkT, FileSystemOperatorT>::LoadLibrary]
2026-09-27 21:55:55.338 DEBUG [1940622:1940622] Added info for test 0:memory [./nvvs/src/PluginLib.cpp:350] [PluginLib::GetPluginInfo]
2026-09-27 21:55:55.338 DEBUG [1940622:1940622] Successfully loaded dlib libMemory.so.4 [./nvvs/include/TestFramework.inl:465] [impl::TestFramework<PluginLibT, DynamicLibraryLoaderT, SoftwarePluginFrameworkT, FileSystemOperatorT>::LoadLibrary]
2026-09-27 21:55:55.339 DEBUG [1940622:1940622] Successfully loaded dlib libNcclTests.so.4 [./nvvs/include/TestFramework.inl:465] [impl::TestFramework<PluginLibT, DynamicLibraryLoaderT, SoftwarePluginFrameworkT, FileSystemOperatorT>::LoadLibrary]
2026-09-27 21:55:55.339 DEBUG [1940622:1940622] Added info for test 0:memtest [./nvvs/src/PluginLib.cpp:350] [PluginLib::GetPluginInfo]
2026-09-27 21:55:55.339 DEBUG [1940622:1940622] Successfully loaded dlib libMemtest.so.4 [./nvvs/include/TestFramework.inl:465] [impl::TestFramework<PluginLibT, DynamicLibraryLoaderT, SoftwarePluginFrameworkT, FileSystemOperatorT>::LoadLibrary]
2026-09-27 21:55:55.340 DEBUG [1940622:1940622] Successfully loaded dlib libRist.so.4 [./nvvs/include/TestFramework.inl:465] [impl::TestFramework<PluginLibT, DynamicLibraryLoaderT, SoftwarePluginFrameworkT, FileSystemOperatorT>::LoadLibrary]
2026-09-27 21:55:55.346 DEBUG [1940622:1940622] Added info for test 0:nvbandwidth [./nvvs/src/PluginLib.cpp:350] [PluginLib::GetPluginInfo]
2026-09-27 21:55:55.346 DEBUG [1940622:1940622] Successfully loaded dlib libNVBandwidth.so.4 [./nvvs/include/TestFramework.inl:465] [impl::TestFramework<PluginLibT, DynamicLibraryLoaderT, SoftwarePluginFrameworkT, FileSystemOperatorT>::LoadLibrary]
2026-09-27 21:55:55.352 DEBUG [1940622:1940622] Added info for test 0:context_create [./nvvs/src/PluginLib.cpp:350] [PluginLib::GetPluginInfo]
2026-09-27 21:55:55.352 DEBUG [1940622:1940622] Successfully loaded dlib libContextCreate.so.4 [./nvvs/include/TestFramework.inl:465] [impl::TestFramework<PluginLibT, DynamicLibraryLoaderT, SoftwarePluginFrameworkT, FileSystemOperatorT>::LoadLibrary]
2026-09-27 21:55:55.353 DEBUG [1940622:1940622] Added info for test 0:targeted_stress [./nvvs/src/PluginLib.cpp:350] [PluginLib::GetPluginInfo]
2026-09-27 21:55:55.353 DEBUG [1940622:1940622] Successfully loaded dlib libTargetedStress.so.4 [./nvvs/include/TestFramework.inl:465] [impl::TestFramework<PluginLibT, DynamicLibraryLoaderT, SoftwarePluginFrameworkT, FileSystemOperatorT>::LoadLibrary]
2026-09-27 21:55:55.353 DEBUG [1940622:1940622] Skipping library libcurand.so.10 because it matches libcurand.so in the skip list. [./nvvs/include/TestFramework.inl:423] [impl::TestFramework<PluginLibT, DynamicLibraryLoaderT, SoftwarePluginFrameworkT, FileSystemOperatorT>::LoadLibrary]
2026-09-27 21:55:55.355 WARN  [1940622:1940622] Initialization took 1.646s [./nvvs/src/NvidiaValidationSuite.cpp:644] [DcgmNs::Nvvs::NvidiaValidationSuite::Go]
2026-09-27 21:55:55.355 INFO  [1940622:1940622] Created thread named "" ID 3281118784 DcgmThread ptr 0x0x5ab975b4c580 [./common/DcgmThread/DcgmThread.cpp:119] [DcgmThread::Start]
2026-09-27 21:55:55.355 DEBUG [1940622:1940673] Thread handle 3281118784 running [./common/DcgmThread/DcgmThread.cpp:305] [DcgmThread::RunInternal]
2026-09-27 21:55:55.355 DEBUG [1940622:1940673] HangDetectMonitor: Running [./common/HangDetectMonitor.h:294] [HangDetectMonitor::run]
2026-09-27 21:55:55.355 DEBUG [1940622:1940673] HangDetectMonitor: Successfully enqueued periodic task check [./common/HangDetectMonitor.h:311] [HangDetectMonitor::run]
2026-09-27 21:55:55.367 DEBUG [1940622:1940622] Test CUDA Main Library start [./nvvs/src/SoftwarePluginFramework.cpp:212] [SoftwarePluginFramework::Run]
2026-09-27 21:55:55.367 DEBUG [1940622:1940622] Set global parameter do_test -> libraries_cuda. st 0 [./nvvs/src/TestParameters.cpp:258] [TestParameters::SetString]
2026-09-27 21:55:55.368 DEBUG [1940622:1940622] Test CUDA Main Library had result 0. Duration 0.000s. Configless is true [./nvvs/src/SoftwarePluginFramework.cpp:223] [SoftwarePluginFramework::Run]
2026-09-27 21:55:55.368 DEBUG [1940622:1940622] Test Denylist start [./nvvs/src/SoftwarePluginFramework.cpp:212] [SoftwarePluginFramework::Run]
2026-09-27 21:55:55.368 DEBUG [1940622:1940622] Set global parameter do_test -> denylist. st 0 [./nvvs/src/TestParameters.cpp:258] [TestParameters::SetString]
2026-09-27 21:55:55.368 DEBUG [1940622:1940622] Test Denylist had result 0. Duration 0.000s. Configless is true [./nvvs/src/SoftwarePluginFramework.cpp:223] [SoftwarePluginFramework::Run]
2026-09-27 21:55:55.368 DEBUG [1940622:1940622] Test Environmental Variables start [./nvvs/src/SoftwarePluginFramework.cpp:212] [SoftwarePluginFramework::Run]
2026-09-27 21:55:55.368 DEBUG [1940622:1940622] Set global parameter do_test -> env_variables. st 0 [./nvvs/src/TestParameters.cpp:258] [TestParameters::SetString]
2026-09-27 21:55:55.368 DEBUG [1940622:1940622] Env Variable NSIGHT_CUDA_DEBUGGER not found (GOOD) [./nvvs/src/Software.cpp:971] [Software::checkForBadEnvVaribles]
2026-09-27 21:55:55.368 DEBUG [1940622:1940622] Env Variable CUDA_INJECTION32_PATH not found (GOOD) [./nvvs/src/Software.cpp:971] [Software::checkForBadEnvVaribles]
2026-09-27 21:55:55.368 DEBUG [1940622:1940622] Env Variable CUDA_INJECTION64_PATH not found (GOOD) [./nvvs/src/Software.cpp:971] [Software::checkForBadEnvVaribles]
2026-09-27 21:55:55.368 DEBUG [1940622:1940622] Env Variable CUDA_AUTO_BOOST not found (GOOD) [./nvvs/src/Software.cpp:971] [Software::checkForBadEnvVaribles]
2026-09-27 21:55:55.368 DEBUG [1940622:1940622] Env Variable CUDA_ENABLE_COREDUMP_ON_EXCEPTION not found (GOOD) [./nvvs/src/Software.cpp:971] [Software::checkForBadEnvVaribles]
2026-09-27 21:55:55.368 DEBUG [1940622:1940622] Env Variable CUDA_COREDUMP_FILE not found (GOOD) [./nvvs/src/Software.cpp:971] [Software::checkForBadEnvVaribles]
2026-09-27 21:55:55.368 DEBUG [1940622:1940622] Env Variable CUDA_DEVICE_WAITS_ON_EXCEPTION not found (GOOD) [./nvvs/src/Software.cpp:971] [Software::checkForBadEnvVaribles]
2026-09-27 21:55:55.368 DEBUG [1940622:1940622] Env Variable CUDA_PROFILE not found (GOOD) [./nvvs/src/Software.cpp:971] [Software::checkForBadEnvVaribles]
2026-09-27 21:55:55.368 DEBUG [1940622:1940622] Env Variable COMPUTE_PROFILE not found (GOOD) [./nvvs/src/Software.cpp:971] [Software::checkForBadEnvVaribles]
2026-09-27 21:55:55.368 DEBUG [1940622:1940622] Env Variable OPENCL_PROFILE not found (GOOD) [./nvvs/src/Software.cpp:971] [Software::checkForBadEnvVaribles]
2026-09-27 21:55:55.368 DEBUG [1940622:1940622] Test Environmental Variables had result 0. Duration 0.000s. Configless is true [./nvvs/src/SoftwarePluginFramework.cpp:223] [SoftwarePluginFramework::Run]
2026-09-27 21:55:55.368 DEBUG [1940622:1940622] Test Fabric Manager start [./nvvs/src/SoftwarePluginFramework.cpp:212] [SoftwarePluginFramework::Run]
2026-09-27 21:55:55.368 DEBUG [1940622:1940622] Set global parameter do_test -> fabric_manager. st 0 [./nvvs/src/TestParameters.cpp:258] [TestParameters::SetString]
2026-09-27 21:55:55.373 DEBUG [1940622:1940622] Fabric manager isn't supported for GPU 0 [./nvvs/src/Software.cpp:1012] [Software::checkFabricManager]
2026-09-27 21:55:55.373 DEBUG [1940622:1940622] Test Fabric Manager had result 0. Duration 0.004s. Configless is true [./nvvs/src/SoftwarePluginFramework.cpp:223] [SoftwarePluginFramework::Run]
2026-09-27 21:55:55.373 DEBUG [1940622:1940622] Test GPU Recovery State start [./nvvs/src/SoftwarePluginFramework.cpp:212] [SoftwarePluginFramework::Run]
2026-09-27 21:55:55.373 DEBUG [1940622:1940622] Set global parameter do_test -> gpu_recovery_state. st 0 [./nvvs/src/TestParameters.cpp:258] [TestParameters::SetString]
2026-09-27 21:55:55.373 DEBUG [1940622:1940622] Test GPU Recovery State had result 0. Duration 0.000s. Configless is true [./nvvs/src/SoftwarePluginFramework.cpp:223] [SoftwarePluginFramework::Run]
2026-09-27 21:55:55.373 DEBUG [1940622:1940622] Test Graphics Processes start [./nvvs/src/SoftwarePluginFramework.cpp:212] [SoftwarePluginFramework::Run]
2026-09-27 21:55:55.373 DEBUG [1940622:1940622] Set global parameter do_test -> graphics_processes. st 0 [./nvvs/src/TestParameters.cpp:258] [TestParameters::SetString]
2026-09-27 21:55:55.374 WARN  [1940622:1940622] Error getting the graphics pids for GPU 0. Status = -32 skipping check. [./nvvs/src/Software.cpp:603] [Software::checkForGraphicsProcesses]
2026-09-27 21:55:55.374 INFO  [1940622:1940622] Test software: Error getting the graphics pids for GPU 0. Status = -32 skipping check. [./nvvs/src/PluginTest.cpp:221] [PluginTest::AddInfo]
2026-09-27 21:55:55.374 DEBUG [1940622:1940622] Test Graphics Processes had result 0. Duration 0.000s. Configless is true [./nvvs/src/SoftwarePluginFramework.cpp:223] [SoftwarePluginFramework::Run]
2026-09-27 21:55:55.374 DEBUG [1940622:1940622] Test Inforom start [./nvvs/src/SoftwarePluginFramework.cpp:212] [SoftwarePluginFramework::Run]
2026-09-27 21:55:55.374 DEBUG [1940622:1940622] Set global parameter do_test -> inforom. st 0 [./nvvs/src/TestParameters.cpp:258] [TestParameters::SetString]
2026-09-27 21:55:55.378 DEBUG [1940622:1940622] Test Inforom had result 0. Duration 0.004s. Configless is true [./nvvs/src/SoftwarePluginFramework.cpp:223] [SoftwarePluginFramework::Run]
2026-09-27 21:55:55.378 DEBUG [1940622:1940622] Test Memory Health start [./nvvs/src/SoftwarePluginFramework.cpp:212] [SoftwarePluginFramework::Run]
2026-09-27 21:55:55.378 DEBUG [1940622:1940622] Set global parameter do_test -> memory_health. st 0 [./nvvs/src/TestParameters.cpp:258] [TestParameters::SetString]
2026-09-27 21:55:55.379 WARN  [1940622:1940622] gpuId 0 returned status 0, value 9223372036854775792 for DCGM_FI_DEV_MEMORY_UNREPAIRABLE. Skipping this check. [./nvvs/src/Software.cpp:1145] [Software::checkUnrepairableMemory]
2026-09-27 21:55:55.379 DEBUG [1940622:1940622] Test Memory Health had result 0. Duration 0.000s. Configless is true [./nvvs/src/SoftwarePluginFramework.cpp:223] [SoftwarePluginFramework::Run]
2026-09-27 21:55:55.379 DEBUG [1940622:1940622] Test NVML Library start [./nvvs/src/SoftwarePluginFramework.cpp:212] [SoftwarePluginFramework::Run]
2026-09-27 21:55:55.379 DEBUG [1940622:1940622] Set global parameter do_test -> libraries_nvml. st 0 [./nvvs/src/TestParameters.cpp:258] [TestParameters::SetString]
2026-09-27 21:55:55.379 DEBUG [1940622:1940622] Test NVML Library had result 0. Duration 0.000s. Configless is true [./nvvs/src/SoftwarePluginFramework.cpp:223] [SoftwarePluginFramework::Run]
2026-09-27 21:55:55.379 DEBUG [1940622:1940622] Test Page Retirement/Row Remap start [./nvvs/src/SoftwarePluginFramework.cpp:212] [SoftwarePluginFramework::Run]
2026-09-27 21:55:55.379 DEBUG [1940622:1940622] Set global parameter do_test -> page_retirement. st 0 [./nvvs/src/TestParameters.cpp:258] [TestParameters::SetString]
2026-09-27 21:55:55.379 WARN  [1940622:1940622] gpuId 0 returned status 0, value 9223372036854775794for DCGM_FI_DEV_PAGE_RETIRED_PENDING. Skipping this check. [./nvvs/src/Software.cpp:693] [Software::checkPageRetirement]
2026-09-27 21:55:55.379 WARN  [1940622:1940622] gpuId 0 returned status 0, value 9223372036854775794for DCGM_FI_DEV_PAGE_RETIRED_DBE_TOTAL. Skipping this check. [./nvvs/src/Software.cpp:734] [Software::checkPageRetirement]
2026-09-27 21:55:55.380 WARN  [1940622:1940622] gpuId 0 returned status 0, value 9223372036854775794for DCGM_FI_DEV_PAGE_RETIRED_SBE_TOTAL. Skipping this check. [./nvvs/src/Software.cpp:756] [Software::checkPageRetirement]
2026-09-27 21:55:55.380 INFO  [1940622:1940622] gpuId 0 returned status 0, value 9223372036854775794for DCGM_FI_DEV_ROW_REMAP_FAILED. Skipping this check. [./nvvs/src/Software.cpp:816] [Software::checkRowRemapping]
2026-09-27 21:55:55.381 INFO  [1940622:1940622] gpuId 0 returned status 0, value 9223372036854775794for DCGM_FI_DEV_ROW_REMAP_PENDING. Skipping this check. [./nvvs/src/Software.cpp:866] [Software::checkRowRemapping]
2026-09-27 21:55:55.381 DEBUG [1940622:1940622] Test Page Retirement/Row Remap had result 0. Duration 0.001s. Configless is true [./nvvs/src/SoftwarePluginFramework.cpp:223] [SoftwarePluginFramework::Run]
2026-09-27 21:55:55.381 DEBUG [1940622:1940622] Test Permissions and OS-related Blocks start [./nvvs/src/SoftwarePluginFramework.cpp:212] [SoftwarePluginFramework::Run]
2026-09-27 21:55:55.381 DEBUG [1940622:1940622] Set global parameter do_test -> permissions. st 0 [./nvvs/src/TestParameters.cpp:258] [TestParameters::SetString]
2026-09-27 21:55:55.381 WARN  [1940622:1940622] Test software: Permissions and OS Blocks: The number of devices NVML returns is different than the number of devices in /dev. Check for the presence of cgroups, operating system blocks, and or unsupported / older cards (grpId:0, entityId:0) [./nvvs/src/PluginTest.cpp:179] [PluginTest::AddError]
2026-09-27 21:55:55.381 DEBUG [1940622:1940622] Test Permissions and OS-related Blocks had result 1. Duration 0.000s. Configless is true [./nvvs/src/SoftwarePluginFramework.cpp:223] [SoftwarePluginFramework::Run]
2026-09-27 21:55:55.381 DEBUG [1940622:1940622] Test Persistence Mode start [./nvvs/src/SoftwarePluginFramework.cpp:212] [SoftwarePluginFramework::Run]
2026-09-27 21:55:55.381 DEBUG [1940622:1940622] Set global parameter do_test -> persistence_mode. st 0 [./nvvs/src/TestParameters.cpp:258] [TestParameters::SetString]
2026-09-27 21:55:55.381 DEBUG [1940622:1940622] Test Persistence Mode had result 0. Duration 0.000s. Configless is true [./nvvs/src/SoftwarePluginFramework.cpp:223] [SoftwarePluginFramework::Run]
2026-09-27 21:55:55.381 DEBUG [1940622:1940622] Test SRAM Threshold Count start [./nvvs/src/SoftwarePluginFramework.cpp:212] [SoftwarePluginFramework::Run]
2026-09-27 21:55:55.381 DEBUG [1940622:1940622] Set global parameter do_test -> sram_threshold. st 0 [./nvvs/src/TestParameters.cpp:258] [TestParameters::SetString]
2026-09-27 21:55:55.381 DEBUG [1940622:1940622] Test SRAM Threshold Count had result 0. Duration 0.000s. Configless is true [./nvvs/src/SoftwarePluginFramework.cpp:223] [SoftwarePluginFramework::Run]
2026-09-27 21:55:55.381 DEBUG [1940622:1940622] Writing diag info for test software [./nvvs/include/TestFramework.inl:939] [impl::TestFramework<PluginLibT, DynamicLibraryLoaderT, SoftwarePluginFrameworkT, FileSystemOperatorT>::WriteDiagStatusToChannel]
2026-09-27 21:55:55.390 DEBUG [1940622:1940622] HangDetectMonitor: Stopping task runner [./common/HangDetectMonitor.cpp:369] [HangDetectMonitor::StopMonitoring]
2026-09-27 21:55:55.396 DEBUG [1940622:1940673] HangDetectMonitor: run() exiting [./common/HangDetectMonitor.h:321] [HangDetectMonitor::run]
2026-09-27 21:55:55.396 DEBUG [1940622:1940673] Thread id 3281118784 stopped [./common/DcgmThread/DcgmThread.cpp:314] [DcgmThread::RunInternal]
2026-09-27 21:55:55.396 DEBUG [1940622:1940622] Thread 133851641931328 had m_alreadyJoined 0 [./common/DcgmThread/DcgmThread.cpp:236] [DcgmThread::Wait]
2026-09-27 21:55:55.751 DEBUG [1940622:1940622] Thread 133851641931328 had m_alreadyJoined 1 [./common/DcgmThread/DcgmThread.cpp:236] [DcgmThread::Wait]
2026-09-27 21:55:55.751 DEBUG [1940622:1940622] Thread 133851641931328 had m_alreadyJoined 1 [./common/DcgmThread/DcgmThread.cpp:236] [DcgmThread::Wait]
